cpu-bind=MASK - dlcgpu14, task  0  0 [74759]: mask 0xf0000000f set
/var/spool/slurm/job19910485/slurm_script: line 11: module: command not found
2025-07-20 02:43:28 [INFO] TensorBoard logs → /work/dlclarge2/alidemaa-dl_lab/automl/automl-exam-ss25-tabular-freiburg-template/models/tabpfn-output/runs/20250720_024328
2025-07-20 02:43:28 [INFO] Fold 1: 4329 train rows  •  device=cuda
2025-07-20 02:43:32 [INFO] Fold 1  R² = 0.9617
2025-07-20 02:43:32 [INFO] Saved fold model → /work/dlclarge2/alidemaa-dl_lab/automl/automl-exam-ss25-tabular-freiburg-template/models/tabpfn-output/brazilian_houses_fold1.pkl
2025-07-20 02:43:32 [INFO] Fold 2: 4330 train rows  •  device=cuda
2025-07-20 02:43:35 [INFO] Fold 2  R² = 1.0000
2025-07-20 02:43:35 [INFO] Saved fold model → /work/dlclarge2/alidemaa-dl_lab/automl/automl-exam-ss25-tabular-freiburg-template/models/tabpfn-output/brazilian_houses_fold2.pkl
2025-07-20 02:43:35 [INFO] Fold 3: 4330 train rows  •  device=cuda
2025-07-20 02:43:38 [INFO] Fold 3  R² = 1.0000
2025-07-20 02:43:38 [INFO] Saved fold model → /work/dlclarge2/alidemaa-dl_lab/automl/automl-exam-ss25-tabular-freiburg-template/models/tabpfn-output/brazilian_houses_fold3.pkl
2025-07-20 02:43:38 [INFO] Fold 4: 4330 train rows  •  device=cuda
2025-07-20 02:43:40 [INFO] Fold 4  R² = 1.0000
2025-07-20 02:43:40 [INFO] Saved fold model → /work/dlclarge2/alidemaa-dl_lab/automl/automl-exam-ss25-tabular-freiburg-template/models/tabpfn-output/brazilian_houses_fold4.pkl
2025-07-20 02:43:40 [INFO] Fold 5: 4330 train rows  •  device=cuda
2025-07-20 02:43:43 [INFO] Fold 5  R² = 0.9959
2025-07-20 02:43:43 [INFO] Saved fold model → /work/dlclarge2/alidemaa-dl_lab/automl/automl-exam-ss25-tabular-freiburg-template/models/tabpfn-output/brazilian_houses_fold5.pkl
2025-07-20 02:43:43 [INFO] Fold 6: 4330 train rows  •  device=cuda
2025-07-20 02:43:46 [INFO] Fold 6  R² = 0.9638
2025-07-20 02:43:46 [INFO] Saved fold model → /work/dlclarge2/alidemaa-dl_lab/automl/automl-exam-ss25-tabular-freiburg-template/models/tabpfn-output/brazilian_houses_fold6.pkl
2025-07-20 02:43:46 [INFO] Fold 7: 4330 train rows  •  device=cuda
2025-07-20 02:43:48 [INFO] Fold 7  R² = 1.0000
2025-07-20 02:43:48 [INFO] Saved fold model → /work/dlclarge2/alidemaa-dl_lab/automl/automl-exam-ss25-tabular-freiburg-template/models/tabpfn-output/brazilian_houses_fold7.pkl
2025-07-20 02:43:48 [INFO] Fold 8: 4330 train rows  •  device=cuda
2025-07-20 02:43:51 [INFO] Fold 8  R² = 1.0000
2025-07-20 02:43:51 [INFO] Saved fold model → /work/dlclarge2/alidemaa-dl_lab/automl/automl-exam-ss25-tabular-freiburg-template/models/tabpfn-output/brazilian_houses_fold8.pkl
2025-07-20 02:43:51 [INFO] Fold 9: 4330 train rows  •  device=cuda
2025-07-20 02:43:53 [INFO] Fold 9  R² = 0.9988
2025-07-20 02:43:54 [INFO] Saved fold model → /work/dlclarge2/alidemaa-dl_lab/automl/automl-exam-ss25-tabular-freiburg-template/models/tabpfn-output/brazilian_houses_fold9.pkl
2025-07-20 02:43:54 [INFO] Fold 10: 4330 train rows  •  device=cuda
2025-07-20 02:43:56 [INFO] Fold 10  R² = 1.0000
2025-07-20 02:43:56 [INFO] Saved fold model → /work/dlclarge2/alidemaa-dl_lab/automl/automl-exam-ss25-tabular-freiburg-template/models/tabpfn-output/brazilian_houses_fold10.pkl
2025-07-20 02:43:56 [INFO] Mean R² over 10 folds: 0.9920 ± 0.0147
